// Jest Snapshot v1, https://goo.gl/fbAQLP

exports[`renderMoreDocumentation() renders 1`] = `
Array [
  <br />,
  <p
    className="b3-running-text"
  >
    For more documentation, visit
     
    <a
      id="open-url"
      onClick={[Function]}
    >
      electronjs.org/docs
    </a>
    , where you can find the full documentation for Electron.
  </p>,
  <p
    className="bp3-text-muted"
  >
    By the way, Electron Fiddle and the documentation you see here is entirely open source. If you have ideas on how to improve it, we'd love to have your contributions! You can find the repository on
     
    <a
      id="open-github"
      onClick={[Function]}
    >
      GitHub
    </a>
    .
  </p>,
]
`;
