// Jest Snapshot v1, https://goo.gl/fbAQLP

exports[`Chrome-Mac component renders 1`] = `
<div
  className="chrome drag"
  onDoubleClick={[Function]}
>
  <small>
    Electron Fiddle
  </small>
</div>
`;
