// Jest Snapshot v1, https://goo.gl/fbAQLP

exports[`VersionSelect component renders 1`] = `
<Blueprint3.ButtonGroup>
  <VersionSelect
    appState={
      Object {
        "channelsToShow": Array [
          "Stable",
          "Beta",
        ],
        "currentElectronVersion": "2.0.2 remote installed",
        "version": "2.0.2",
        "versions": Array [
          "2.0.3 remote installed",
          "2.0.2 remote installed",
          "2.0.1 remote installed",
          "2.0.0 remote installed",
          "1.8.7 remote installed",
          "1.0.0 remote missing",
          "3.0.0-unsupported remote missing",
        ],
        "versionsToShow": Array [
          "2.0.3 remote installed",
          "2.0.2 remote installed",
          "2.0.1 remote installed",
          "2.0.0 remote installed",
          "1.8.7 remote installed",
          "1.0.0 remote missing",
          "3.0.0-unsupported remote missing",
        ],
      }
    }
    currentVersion={
      Object {
        "source": "remote",
        "state": "installed",
        "version": "2.0.2",
      }
    }
    disabled={true}
    onVersionSelect={[Function]}
  />
</Blueprint3.ButtonGroup>
`;
