// Jest Snapshot v1, https://goo.gl/fbAQLP

exports[`AddThemeDialog component renders 1`] = `
<Blueprint3.Dialog
  canOutsideClickClose={true}
  className="dialog-add-version"
  isOpen={false}
  onClose={[Function]}
  title="Add theme"
>
  <div
    className="bp3-dialog-body"
  >
    <Blueprint3.FileInput
      hasSelection={false}
      inputProps={
        Object {
          "accept": ".json",
        }
      }
      onInputChange={[Function]}
      text="Select the Monaco file..."
    />
    <br />
  </div>
  <div
    className="bp3-dialog-footer"
  >
    <div
      className="bp3-dialog-footer-actions"
    >
      <Blueprint3.Button
        disabled={false}
        icon="add"
        key="submit"
        onClick={[Function]}
        text="Add"
      />
      <Blueprint3.Button
        icon="cross"
        key="cancel"
        onClick={[Function]}
        text="Cancel"
      />
    </div>
  </div>
</Blueprint3.Dialog>
`;
