// Jest Snapshot v1, https://goo.gl/fbAQLP

exports[`GenericDialog component renders confirmation 1`] = `
<Blueprint3.Alert
  canEscapeKeyCancel={false}
  canOutsideClickCancel={false}
  confirmButtonText="OK"
  icon="help"
  intent="primary"
  isOpen={true}
  loading={false}
  onClose={[Function]}
>
  <p />
</Blueprint3.Alert>
`;

exports[`GenericDialog component renders confirmation 2`] = `
<Blueprint3.Alert
  canEscapeKeyCancel={false}
  canOutsideClickCancel={false}
  confirmButtonText="OK"
  icon="info-sign"
  intent="success"
  isOpen={true}
  loading={false}
  onClose={[Function]}
>
  <p />
</Blueprint3.Alert>
`;

exports[`GenericDialog component renders warning 1`] = `
<Blueprint3.Alert
  canEscapeKeyCancel={false}
  canOutsideClickCancel={false}
  confirmButtonText="OK"
  icon="warning-sign"
  intent="danger"
  isOpen={true}
  loading={false}
  onClose={[Function]}
>
  <p />
</Blueprint3.Alert>
`;

exports[`GenericDialog component renders with an input prompt 1`] = `
<Blueprint3.Alert
  canEscapeKeyCancel={false}
  canOutsideClickCancel={false}
  confirmButtonText="OK"
  icon="help"
  intent="primary"
  isOpen={true}
  loading={false}
  onClose={[Function]}
>
  <p />
  <Blueprint3.InputGroup
    id="input"
    onKeyDown={[Function]}
  />
</Blueprint3.Alert>
`;

exports[`GenericDialog component renders with an input prompt and placeholder 1`] = `
<Blueprint3.Alert
  canEscapeKeyCancel={false}
  canOutsideClickCancel={false}
  confirmButtonText="OK"
  icon="help"
  intent="primary"
  isOpen={true}
  loading={false}
  onClose={[Function]}
>
  <p />
  <Blueprint3.InputGroup
    id="input"
    onKeyDown={[Function]}
    placeholder="placeholder"
  />
</Blueprint3.Alert>
`;
