// Jest Snapshot v1, https://goo.gl/fbAQLP

exports[`Header component renders 1`] = `
<Fragment>
  <header
    id="header"
  >
    <commands
      appState={Object {}}
      key="commands"
    />
  </header>
  <welcome-tour
    appState={Object {}}
  />
</Fragment>
`;
