// Jest Snapshot v1, https://goo.gl/fbAQLP

exports[`CreditsSettings component renders 1`] = `
<div>
  <h1>
    Credits
  </h1>
  <Blueprint4.Callout>
    Electron Fiddle is, just like Electron, a free open source project welcoming contributors of all genders, cultures, and backgrounds. We would like to thank those who helped to make Electron Fiddle:
  </Blueprint4.Callout>
  <br />
  <div
    className="contributors"
  >
    <Blueprint4.Card
      className="contributor"
      elevation={0}
      interactive={true}
      key="felixrieseberg"
      onClick={[Function]}
    >
      <div
        className="avatar"
        style={
          Object {
            "backgroundImage": "url(https://avatars3.githubusercontent.com/u/1426799?v=4)",
          }
        }
      />
      <div
        className="details"
      >
        <h2
          className="name"
        >
          Felix Rieseberg
        </h2>
        <p
          className="location"
        >
          üìç 
          San Francisco
        </p>
        <small
          className="bio"
        >
          üôá ‚ú®üå≥ 
        </small>
      </div>
    </Blueprint4.Card>
  </div>
</div>
`;

exports[`CreditsSettings component renders for contributors with less data 1`] = `
<div>
  <h1>
    Credits
  </h1>
  <Blueprint4.Callout>
    Electron Fiddle is, just like Electron, a free open source project welcoming contributors of all genders, cultures, and backgrounds. We would like to thank those who helped to make Electron Fiddle:
  </Blueprint4.Callout>
  <br />
  <div
    className="contributors"
  >
    <Blueprint4.Card
      className="contributor"
      elevation={0}
      interactive={true}
      key="felixrieseberg"
      onClick={[Function]}
    >
      <div
        className="avatar"
        style={
          Object {
            "backgroundImage": "url(https://avatars3.githubusercontent.com/u/1426799?v=4)",
          }
        }
      />
      <div
        className="details"
      >
        <h2
          className="name"
        >
          felixrieseberg
        </h2>
      </div>
    </Blueprint4.Card>
  </div>
</div>
`;

exports[`CreditsSettings component renders nothing if we do not have contributors 1`] = `
<div>
  <h1>
    Credits
  </h1>
  <Blueprint4.Callout>
    Electron Fiddle is, just like Electron, a free open source project welcoming contributors of all genders, cultures, and backgrounds. We would like to thank those who helped to make Electron Fiddle:
  </Blueprint4.Callout>
  <br />
  <div
    className="contributors"
  />
</div>
`;
