// Jest Snapshot v1, https://goo.gl/fbAQLP

exports[`Settings component renders only the menu if page unknown 1`] = `
<div
  className="settings"
>
  <div
    className="settings-menu"
  >
    <ul>
      <Blueprint4.MenuItem2
        active={false}
        disabled={false}
        icon="cog"
        id="settings-link-General"
        key="General"
        multiline={false}
        onClick={[Function]}
        popoverProps={Object {}}
        shouldDismissPopover={true}
        text="General"
      />
      <Blueprint4.MenuItem2
        active={false}
        disabled={false}
        icon="floppy-disk"
        id="settings-link-Electron"
        key="Electron"
        multiline={false}
        onClick={[Function]}
        popoverProps={Object {}}
        shouldDismissPopover={true}
        text="Electron"
      />
      <Blueprint4.MenuItem2
        active={false}
        disabled={false}
        icon="play"
        id="settings-link-Execution"
        key="Execution"
        multiline={false}
        onClick={[Function]}
        popoverProps={Object {}}
        shouldDismissPopover={true}
        text="Execution"
      />
      <Blueprint4.MenuItem2
        active={false}
        disabled={false}
        icon="heart"
        id="settings-link-Credits"
        key="Credits"
        multiline={false}
        onClick={[Function]}
        popoverProps={Object {}}
        shouldDismissPopover={true}
        text="Credits"
      />
    </ul>
  </div>
  <div
    className="settings-content"
  >
    <button
      className="settings-close"
    >
      <Blueprint4.Icon
        icon="cross"
        iconSize={25}
      />
    </button>
  </div>
</div>
`;

exports[`Settings component renders the Credits page after a click 1`] = `
<div
  className="settings"
>
  <div
    className="settings-menu"
  >
    <ul>
      <Blueprint4.MenuItem2
        active={false}
        disabled={false}
        icon="cog"
        id="settings-link-General"
        key="General"
        multiline={false}
        onClick={[Function]}
        popoverProps={Object {}}
        shouldDismissPopover={true}
        text="General"
      />
      <Blueprint4.MenuItem2
        active={false}
        disabled={false}
        icon="floppy-disk"
        id="settings-link-Electron"
        key="Electron"
        multiline={false}
        onClick={[Function]}
        popoverProps={Object {}}
        shouldDismissPopover={true}
        text="Electron"
      />
      <Blueprint4.MenuItem2
        active={false}
        disabled={false}
        icon="play"
        id="settings-link-Execution"
        key="Execution"
        multiline={false}
        onClick={[Function]}
        popoverProps={Object {}}
        shouldDismissPopover={true}
        text="Execution"
      />
      <Blueprint4.MenuItem2
        active={true}
        disabled={false}
        icon="heart"
        id="settings-link-Credits"
        key="Credits"
        multiline={false}
        onClick={[Function]}
        popoverProps={Object {}}
        shouldDismissPopover={true}
        text="Credits"
      />
    </ul>
  </div>
  <div
    className="settings-content"
  >
    <button
      className="settings-close"
    >
      <Blueprint4.Icon
        icon="cross"
        iconSize={25}
      />
    </button>
    <settings-credits
      appState={
        Object {
          "isSettingsShowing": true,
        }
      }
    />
  </div>
</div>
`;

exports[`Settings component renders the Electron page after a click 1`] = `
<div
  className="settings"
>
  <div
    className="settings-menu"
  >
    <ul>
      <Blueprint4.MenuItem2
        active={false}
        disabled={false}
        icon="cog"
        id="settings-link-General"
        key="General"
        multiline={false}
        onClick={[Function]}
        popoverProps={Object {}}
        shouldDismissPopover={true}
        text="General"
      />
      <Blueprint4.MenuItem2
        active={true}
        disabled={false}
        icon="floppy-disk"
        id="settings-link-Electron"
        key="Electron"
        multiline={false}
        onClick={[Function]}
        popoverProps={Object {}}
        shouldDismissPopover={true}
        text="Electron"
      />
      <Blueprint4.MenuItem2
        active={false}
        disabled={false}
        icon="play"
        id="settings-link-Execution"
        key="Execution"
        multiline={false}
        onClick={[Function]}
        popoverProps={Object {}}
        shouldDismissPopover={true}
        text="Execution"
      />
      <Blueprint4.MenuItem2
        active={false}
        disabled={false}
        icon="heart"
        id="settings-link-Credits"
        key="Credits"
        multiline={false}
        onClick={[Function]}
        popoverProps={Object {}}
        shouldDismissPopover={true}
        text="Credits"
      />
    </ul>
  </div>
  <div
    className="settings-content"
  >
    <button
      className="settings-close"
    >
      <Blueprint4.Icon
        icon="cross"
        iconSize={25}
      />
    </button>
    <settings-electron
      appState={
        Object {
          "isSettingsShowing": true,
        }
      }
    />
  </div>
</div>
`;

exports[`Settings component renders the Electron page by default 1`] = `
<div
  className="settings"
>
  <div
    className="settings-menu"
  >
    <ul>
      <Blueprint4.MenuItem2
        active={true}
        disabled={false}
        icon="cog"
        id="settings-link-General"
        key="General"
        multiline={false}
        onClick={[Function]}
        popoverProps={Object {}}
        shouldDismissPopover={true}
        text="General"
      />
      <Blueprint4.MenuItem2
        active={false}
        disabled={false}
        icon="floppy-disk"
        id="settings-link-Electron"
        key="Electron"
        multiline={false}
        onClick={[Function]}
        popoverProps={Object {}}
        shouldDismissPopover={true}
        text="Electron"
      />
      <Blueprint4.MenuItem2
        active={false}
        disabled={false}
        icon="play"
        id="settings-link-Execution"
        key="Execution"
        multiline={false}
        onClick={[Function]}
        popoverProps={Object {}}
        shouldDismissPopover={true}
        text="Execution"
      />
      <Blueprint4.MenuItem2
        active={false}
        disabled={false}
        icon="heart"
        id="settings-link-Credits"
        key="Credits"
        multiline={false}
        onClick={[Function]}
        popoverProps={Object {}}
        shouldDismissPopover={true}
        text="Credits"
      />
    </ul>
  </div>
  <div
    className="settings-content"
  >
    <button
      className="settings-close"
    >
      <Blueprint4.Icon
        icon="cross"
        iconSize={25}
      />
    </button>
    <settings-general
      appState={
        Object {
          "isSettingsShowing": true,
        }
      }
      toggleHasPopoverOpen={[Function]}
    />
  </div>
</div>
`;

exports[`Settings component renders the Execution page after a click 1`] = `
<div
  className="settings"
>
  <div
    className="settings-menu"
  >
    <ul>
      <Blueprint4.MenuItem2
        active={false}
        disabled={false}
        icon="cog"
        id="settings-link-General"
        key="General"
        multiline={false}
        onClick={[Function]}
        popoverProps={Object {}}
        shouldDismissPopover={true}
        text="General"
      />
      <Blueprint4.MenuItem2
        active={false}
        disabled={false}
        icon="floppy-disk"
        id="settings-link-Electron"
        key="Electron"
        multiline={false}
        onClick={[Function]}
        popoverProps={Object {}}
        shouldDismissPopover={true}
        text="Electron"
      />
      <Blueprint4.MenuItem2
        active={true}
        disabled={false}
        icon="play"
        id="settings-link-Execution"
        key="Execution"
        multiline={false}
        onClick={[Function]}
        popoverProps={Object {}}
        shouldDismissPopover={true}
        text="Execution"
      />
      <Blueprint4.MenuItem2
        active={false}
        disabled={false}
        icon="heart"
        id="settings-link-Credits"
        key="Credits"
        multiline={false}
        onClick={[Function]}
        popoverProps={Object {}}
        shouldDismissPopover={true}
        text="Credits"
      />
    </ul>
  </div>
  <div
    className="settings-content"
  >
    <button
      className="settings-close"
    >
      <Blueprint4.Icon
        icon="cross"
        iconSize={25}
      />
    </button>
    <ExecutionSettings
      appState={
        Object {
          "isSettingsShowing": true,
        }
      }
    />
  </div>
</div>
`;

exports[`Settings component renders the General page after a click 1`] = `
<div
  className="settings"
>
  <div
    className="settings-menu"
  >
    <ul>
      <Blueprint4.MenuItem2
        active={true}
        disabled={false}
        icon="cog"
        id="settings-link-General"
        key="General"
        multiline={false}
        onClick={[Function]}
        popoverProps={Object {}}
        shouldDismissPopover={true}
        text="General"
      />
      <Blueprint4.MenuItem2
        active={false}
        disabled={false}
        icon="floppy-disk"
        id="settings-link-Electron"
        key="Electron"
        multiline={false}
        onClick={[Function]}
        popoverProps={Object {}}
        shouldDismissPopover={true}
        text="Electron"
      />
      <Blueprint4.MenuItem2
        active={false}
        disabled={false}
        icon="play"
        id="settings-link-Execution"
        key="Execution"
        multiline={false}
        onClick={[Function]}
        popoverProps={Object {}}
        shouldDismissPopover={true}
        text="Execution"
      />
      <Blueprint4.MenuItem2
        active={false}
        disabled={false}
        icon="heart"
        id="settings-link-Credits"
        key="Credits"
        multiline={false}
        onClick={[Function]}
        popoverProps={Object {}}
        shouldDismissPopover={true}
        text="Credits"
      />
    </ul>
  </div>
  <div
    className="settings-content"
  >
    <button
      className="settings-close"
    >
      <Blueprint4.Icon
        icon="cross"
        iconSize={25}
      />
    </button>
    <settings-general
      appState={
        Object {
          "isSettingsShowing": true,
        }
      }
      toggleHasPopoverOpen={[Function]}
    />
  </div>
</div>
`;
