// Jest Snapshot v1, https://goo.gl/fbAQLP

exports[`AppearanceSettings component renderItem() returns a MenuItem for matching 1`] = `
<Blueprint3.MenuItem
  active={false}
  disabled={false}
  icon="media"
  multiline={false}
  onClick={[Function]}
  popoverProps={Object {}}
  shouldDismissPopover={true}
  text={
    Array [
      "foo",
    ]
  }
/>
`;

exports[`AppearanceSettings component renders 1`] = `
<div
  className="settings-appearance"
>
  <h3>
    Appearance
  </h3>
  <Blueprint3.Checkbox
    checked={true}
    label="Sync theme with system setting"
    onChange={[Function]}
  />
  <Blueprint3.FormGroup
    disabled={true}
    inline={true}
    label="Choose your theme"
    labelFor="open-theme-selector"
  >
    <Blueprint3.Select
      disabled={true}
      filterable={true}
      itemPredicate={[Function]}
      itemRenderer={[Function]}
      items={Array []}
      noResults={
        <Blueprint3.MenuItem
          disabled={true}
          multiline={false}
          popoverProps={Object {}}
          shouldDismissPopover={true}
          text="No results."
        />
      }
      onItemSelect={[Function]}
      popoverProps={
        Object {
          "onClosed": [Function],
        }
      }
    >
      <Blueprint3.Button
        disabled={true}
        icon="tint"
        id="open-theme-selector"
        onClick={[Function]}
        text="Select a theme"
      />
    </Blueprint3.Select>
  </Blueprint3.FormGroup>
  <Blueprint3.Callout
    hidden={true}
  >
    <p>
      To add themes, add JSON theme files to
       
      <a
        id="open-theme-folder"
        onClick={[Function]}
      >
        <code>
          ~/.electron-fiddle/themes
        </code>
      </a>
      . The easiest way to get started is to clone one of the two existing themes and to add your own colors.
    </p>
    <p>
      Additionally, if you wish to import a Monaco Editor theme, pick your JSON file and Fiddle will attempt to import it.
    </p>
    <Blueprint3.Button
      icon="duplicate"
      onClick={[Function]}
      text="Create theme from current selection"
    />
    <Blueprint3.Button
      icon="document-open"
      onClick={[Function]}
      text="Add a Monaco Editor theme"
    />
  </Blueprint3.Callout>
</div>
`;
