// Jest Snapshot v1, https://goo.gl/fbAQLP

exports[`ElectronSettings component renders 1`] = `
<div
  className="settings-electron"
>
  <h1>
    Electron Settings
  </h1>
  <Blueprint3.Callout>
    <Blueprint3.FormGroup
      label="Include Electron versions:"
    >
      <Blueprint3.Tooltip
        content="Can't disable channel of selected version (2.0.1)"
        disabled={false}
        hoverCloseDelay={0}
        hoverOpenDelay={100}
        intent="primary"
        key="Stable"
        minimal={false}
        position="bottom"
        transitionDuration={100}
      >
        <Blueprint3.Checkbox
          checked={true}
          disabled={true}
          id="Stable"
          inline={true}
          label="Stable"
          onChange={[Function]}
        />
      </Blueprint3.Tooltip>
      <Blueprint3.Tooltip
        content="Can't disable channel of selected version (2.0.1)"
        disabled={true}
        hoverCloseDelay={0}
        hoverOpenDelay={100}
        intent="primary"
        key="Beta"
        minimal={false}
        position="bottom"
        transitionDuration={100}
      >
        <Blueprint3.Checkbox
          checked={true}
          disabled={false}
          id="Beta"
          inline={true}
          label="Beta"
          onChange={[Function]}
        />
      </Blueprint3.Tooltip>
      <Blueprint3.Tooltip
        content="Can't disable channel of selected version (2.0.1)"
        disabled={true}
        hoverCloseDelay={0}
        hoverOpenDelay={100}
        intent="primary"
        key="Nightly"
        minimal={false}
        position="bottom"
        transitionDuration={100}
      >
        <Blueprint3.Checkbox
          checked={false}
          disabled={false}
          id="Nightly"
          inline={true}
          label="Nightly"
          onChange={[Function]}
        />
      </Blueprint3.Tooltip>
      <Blueprint3.Checkbox
        checked={false}
        id="showUndownloadedVersions"
        inline={true}
        label="Not downloaded"
        onChange={[Function]}
      />
      <Blueprint3.Tooltip
        content="Include versions that have reached end-of-life (older than 9.0.0)"
        hoverCloseDelay={0}
        hoverOpenDelay={100}
        intent="primary"
        minimal={false}
        position="bottom"
        transitionDuration={100}
      >
        <Blueprint3.Checkbox
          checked={false}
          id="showObsoleteVersions"
          inline={true}
          label="Obsolete"
          onChange={[Function]}
        />
      </Blueprint3.Tooltip>
    </Blueprint3.FormGroup>
  </Blueprint3.Callout>
  <br />
  <Blueprint3.Callout>
    <Blueprint3.ButtonGroup
      fill={true}
    >
      <Blueprint3.Button
        icon="numbered-list"
        onClick={[Function]}
        text="Update Electron Release List"
      />
      <Blueprint3.Button
        disabled={false}
        icon="download"
        onClick={[Function]}
        text="Download All Versions"
      />
      <Blueprint3.Button
        disabled={false}
        icon="trash"
        onClick={[Function]}
        text="Delete All Downloads"
      />
      <Blueprint3.Button
        icon="document-open"
        onClick={[Function]}
        text="Add Local Electron Build"
      />
    </Blueprint3.ButtonGroup>
    <HTMLTable
      className="electron-versions-table"
      striped={true}
    >
      <thead>
        <tr>
          <th>
            Version
          </th>
          <th>
            Status
          </th>
          <th
            className="action"
          >
            Action
          </th>
        </tr>
      </thead>
      <tbody>
        <tr
          key="3.0.0-nightly.1"
        >
          <td>
            3.0.0-nightly.1
          </td>
          <td>
            <span>
              <Blueprint3.Icon
                icon="box"
              />
               
              Downloaded
            </span>
          </td>
          <td
            className="action"
          >
            <Blueprint3.Button
              fill={true}
              icon="trash"
              onClick={[Function]}
              small={true}
              text="Delete"
            />
          </td>
        </tr>
        <tr
          key="3.0.0"
        >
          <td>
            3.0.0
          </td>
          <td>
            <span>
              <Blueprint3.Icon
                icon="box"
              />
               
              Downloaded
            </span>
          </td>
          <td
            className="action"
          >
            <Blueprint3.Button
              fill={true}
              icon="trash"
              onClick={[Function]}
              small={true}
              text="Remove"
            />
          </td>
        </tr>
        <tr
          key="2.0.3"
        >
          <td>
            2.0.3
          </td>
          <td>
            <span>
              <Blueprint3.Icon
                icon="box"
              />
               
              Downloaded
            </span>
          </td>
          <td
            className="action"
          >
            <Blueprint3.Button
              fill={true}
              icon="trash"
              onClick={[Function]}
              small={true}
              text="Delete"
            />
          </td>
        </tr>
        <tr
          key="2.0.2"
        >
          <td>
            2.0.2
          </td>
          <td>
            <span>
              <Blueprint3.Icon
                icon="cloud-download"
              />
               
              Downloading
            </span>
          </td>
          <td
            className="action"
          >
            <Blueprint3.Button
              disabled={true}
              fill={true}
              icon="cloud-download"
              loading={true}
              small={true}
              text="Downloading"
            />
          </td>
        </tr>
        <tr
          key="2.0.1"
        >
          <td>
            2.0.1
          </td>
          <td>
            <span>
              <Blueprint3.Icon
                icon="cloud"
              />
               
              Not downloaded
            </span>
          </td>
          <td
            className="action"
          >
            <Blueprint3.Tooltip
              content="Can't remove currently active Electron version (2.0.1)"
              hoverCloseDelay={0}
              hoverOpenDelay={100}
              intent="primary"
              minimal={false}
              position="auto"
              transitionDuration={100}
            >
              <Blueprint3.AnchorButton
                className="disabled-version"
                disabled={true}
                icon="cloud-download"
                text="Download"
              />
            </Blueprint3.Tooltip>
          </td>
        </tr>
        <tr
          key="2.0.0"
        >
          <td>
            2.0.0
          </td>
          <td>
            <span>
              <Blueprint3.Icon
                icon="box"
              />
               
              Downloaded
            </span>
          </td>
          <td
            className="action"
          >
            <Blueprint3.Button
              disabled={true}
              fill={true}
              icon="cloud-download"
              loading={true}
              small={true}
              text="Downloading"
            />
          </td>
        </tr>
        <tr
          key="1.8.7"
        >
          <td>
            1.8.7
          </td>
          <td>
            <span>
              <Blueprint3.Icon
                icon="box"
              />
               
              Downloaded
            </span>
          </td>
          <td
            className="action"
          >
            <Blueprint3.Button
              fill={true}
              icon="trash"
              onClick={[Function]}
              small={true}
              text="Delete"
            />
          </td>
        </tr>
      </tbody>
    </HTMLTable>
  </Blueprint3.Callout>
</div>
`;
