// Vitest Snapshot v1, https://vitest.dev/guide/snapshot.html

exports[`PackageAuthorSettings component > renders 1`] = `
<div>
  <h4>
    Gists
  </h4>
  <Blueprint3.Callout>
    <Blueprint3.FormGroup>
      <p>
        Set the package.json author field for your exported Fiddle projects.
      </p>
      <Blueprint3.InputGroup
        onChange={[Function]}
        value="electron<electron@electron.org>"
      />
      <p>
        Show the history of your Gist uploads and optionally load previous revisions.
      </p>
      <Blueprint3.Checkbox
        label="Show Gist History"
        onChange={[Function]}
      />
    </Blueprint3.FormGroup>
  </Blueprint3.Callout>
</div>
`;
