// Jest Snapshot v1, https://goo.gl/fbAQLP

exports[`SidebarPackageManager component can add a package 1`] = `
Array [
  Array [
    "cow",
    "1.0.0",
  ],
  Array [
    "say",
    "2.0.0",
  ],
]
`;

exports[`SidebarPackageManager component renders 1`] = `
<div
  className="package-tree"
>
  <h5>
    Modules
  </h5>
  <Blueprint4.Suggest2
    closeOnSelect={true}
    fill={true}
    inputValueRenderer={[Function]}
    itemRenderer={[Function]}
    items={Array []}
    noResults={
      <em>
        Search for modules here...
      </em>
    }
    onItemSelect={[Function]}
    onQueryChange={[Function]}
    openOnKeyDown={false}
    popoverProps={
      Object {
        "minimal": true,
        "usePortal": false,
      }
    }
    resetOnClose={false}
    resetOnSelect={true}
  />
  <Blueprint4.Tree
    contents={
      Array [
        Object {
          "id": "cow",
          "label": "cow",
          "secondaryLabel": <div>
            <select
              className="package-tree-version-select"
              name="cow"
              onChange={[Function]}
              value="1.0.0"
            />
            <Blueprint4.Button
              icon="remove"
              minimal={true}
              onClick={[Function]}
            />
          </div>,
        },
      ]
    }
  />
</div>
`;
