// Jest Snapshot v1, https://goo.gl/fbAQLP

exports[`VersionChooser component renders 1`] = `
<div
  className="tour"
>
  <Blueprint4.Dialog
    backdropProps={
      Object {
        "style": Object {
          "visibility": "hidden",
        },
      }
    }
    canOutsideClickClose={true}
    isOpen={true}
    key="mock-step-1"
    portalClassName="tour-portal"
    style={
      Object {
        "left": 165,
        "margin": "10px",
        "position": "absolute",
        "top": 5,
        "width": 390,
        "zIndex": 1000,
      }
    }
  >
    <div
      className="bp4-dialog-header"
    >
      <h4
        className="bp4-heading"
      >
        Step 1
      </h4>
    </div>
    <div
      className="bp4-dialog-body"
    >
      <span
        key="1"
      >
        mock-step-1
      </span>
    </div>
    <div
      className="bp4-dialog-footer"
    >
      <div
        className="bp4-dialog-footer-actions"
      >
        <Blueprint4.Button
          icon="stop"
          key="btn-stop"
          onClick={[Function]}
          text="Stop Tour"
        />
        <Blueprint4.Button
          icon="step-forward"
          key="btn-adv"
          onClick={[Function]}
          text="Continue"
        />
      </div>
    </div>
  </Blueprint4.Dialog>
  <svg
    height="100%"
    width="100%"
  >
    <rect
      fill="rgba(0, 0, 0, 0.65)"
      height="100%"
      mask="url(#mask)"
      width="100%"
      x="0"
      y="0"
    />
    <mask
      id="mask"
      maskContentUnits="userSpaceOnUse"
      maskUnits="userSpaceOnUse"
    >
      <rect
        className="bg"
        fill="white"
        height="100%"
        width="100%"
        x="0"
        y="0"
      />
      <rect
        fill="black"
        height={120}
        rx="5"
        ry="5"
        stroke="black"
        strokeWidth="5"
        width={130}
        x={25}
        y={20}
      />
    </mask>
  </svg>
</div>
`;
