// Jest Snapshot v1, https://goo.gl/fbAQLP

exports[`VersionSelect component renderItem() renders an item 1`] = `
<Blueprint3.MenuItem
  active={true}
  disabled={false}
  icon="cloud"
  label="Not downloaded"
  multiline={false}
  onClick={[Function]}
  popoverProps={Object {}}
  shouldDismissPopover={true}
  text={
    Array [
      "1.0.0",
    ]
  }
/>
`;

exports[`VersionSelect component renders 1`] = `
<Blueprint3.Select
  disabled={false}
  filterable={true}
  itemListPredicate={[Function]}
  itemListRenderer={[Function]}
  itemRenderer={[Function]}
  items={
    Array [
      Object {
        "source": "remote",
        "state": "installed",
        "version": "2.0.3",
      },
      Object {
        "source": "remote",
        "state": "installed",
        "version": "2.0.2",
      },
      Object {
        "source": "remote",
        "state": "installed",
        "version": "2.0.1",
      },
      Object {
        "source": "remote",
        "state": "installed",
        "version": "2.0.0",
      },
      Object {
        "source": "remote",
        "state": "installed",
        "version": "1.8.7",
      },
      Object {
        "source": "remote",
        "state": "missing",
        "version": "1.0.0",
      },
      Object {
        "source": "remote",
        "state": "missing",
        "version": "3.0.0-unsupported",
      },
    ]
  }
  noResults={
    <Blueprint3.MenuItem
      disabled={true}
      multiline={false}
      popoverProps={Object {}}
      shouldDismissPopover={true}
      text="No results."
    />
  }
  onItemSelect={[Function]}
>
  <Blueprint3.Button
    className="version-chooser"
    disabled={false}
    icon="cloud"
    onContextMenu={[Function]}
    text="Electron v1.0.0"
  />
</Blueprint3.Select>
`;
